
============================================================
Timestamp: 2025-12-07 10:54:20
From: anonymous
Message:
testing
============================================================

============================================================
Timestamp: 2025-12-07 15:07:11
From: anonymous
Message:
testing verification
============================================================

============================================================
Timestamp: 2025-12-11 18:03:54
From: Anonymous (ID: None)
Message:
testing
============================================================

============================================================
Timestamp: 2025-12-15 13:08:48
From: Sahaj Khandelwal (ID: 61397)
Message:
testing
============================================================

============================================================
Timestamp: 2025-12-15 13:15:22
From: Sahaj Khandelwal (ID: 61397)
Message:
test
============================================================

============================================================
Timestamp: 2026-02-02 21:10:08
From: Sahaj Khandelwal (ID: 61397)
Message:
test
============================================================
